I'm sorry, but errors were detected in your script. Please correct the
errors listed below, and try again.


File "game/story/Introduction.rpy", line 5: play requires a channel
    play "(opening) a night to remember.mp3"
         ^

Ren'Py Version: Ren'Py 8.3.0.24082114
Mon Sep 30 03:28:44 2024
